// Jest Snapshot v1, https://goo.gl/fbAQLP

exports[`Tests for centerDetails component should render self without crashing 1`] = `
<div>
  <h2>
    Loading...
  </h2>
</div>
`;
