// Jest Snapshot v1, https://goo.gl/fbAQLP

exports[`Tests for signin component should render self without crashing 1`] = `
<Redirect
  push={false}
  to="/dashboard"
/>
`;
